// Jest Snapshot v1, https://goo.gl/fbAQLP

exports[`Deberia render Header correctamente 1`] = `
<header>
  <h1>
    Control de Gastos Giuliana
  </h1>
  <NavLink
    activeClassName="is-active"
    aria-current="page"
    exact={true}
    to="/"
  >
    Pantalla Principal
  </NavLink>
  <NavLink
    activeClassName="is-active"
    aria-current="page"
    to="/crear"
  >
    Add GastosPage Test
  </NavLink>
  <NavLink
    activeClassName="is-active"
    aria-current="page"
    to="/help"
  >
    Help!
  </NavLink>
</header>
`;
