// Jest Snapshot v1, https://goo.gl/fbAQLP

exports[`Deberia render ListaItemGasto con gastos 1`] = `
<div>
  <Link
    to="/edit/1"
  >
    <h3>
      Descripcion: 
      Gas
       
    </h3>
  </Link>
  <p>
    Importe: $
    $1.95
    - Fecha: 
    31st December, 1969
  </p>
  <p>
    ID: 
    1
     
  </p>
</div>
`;
